// Vitest Snapshot v1, https://vitest.dev/guide/snapshot.html

exports[`handcrafted theme styles are byte-pinned (token-value golden) > ink-soot: fictional / basemap / dem style digests match the committed golden 1`] = `
{
  "basemap": "665a80b4d712844e",
  "dem": "776a4e802e0a6d3c",
  "fictional": "0607fc7d1850f6d6",
}
`;

exports[`handcrafted theme styles are byte-pinned (token-value golden) > modern-clean: fictional / basemap / dem style digests match the committed golden 1`] = `
{
  "basemap": "dc2eb8de41e42838",
  "dem": "5c5020df3dd1380e",
  "fictional": "7b2d0228431d6f60",
}
`;

exports[`handcrafted theme styles are byte-pinned (token-value golden) > neon-sprawl: fictional / basemap / dem style digests match the committed golden 1`] = `
{
  "basemap": "f7f0e19bc798199e",
  "dem": "716758f86851fdfa",
  "fictional": "e892bdf65ffabbbc",
}
`;

exports[`handcrafted theme styles are byte-pinned (token-value golden) > parchment: fictional / basemap / dem style digests match the committed golden 1`] = `
{
  "basemap": "6e26cda4584fb407",
  "dem": "dc9eede66ebed0cb",
  "fictional": "72cca9e1e1e298b1",
}
`;
